%!Adobe-FontList 1.20
%Locale:0x409

%BeginFont
Handler:DirectoryHandler
FontType:Invalid
OutlineFileName:/Users/joes/Documents/PNG/git/projectnavigationgame/print/optional-formats/png-booklet-pages/Document fonts/AdobeFnt20.lst
FileLength:1852
FileModTime:577015866
%EndFont

%BeginFont
Handler:DirectoryHandler
FontType:Invalid
OutlineFileName:/Users/joes/Documents/PNG/git/projectnavigationgame/print/optional-formats/png-booklet-pages/Document fonts/AdobeFnt21.lst
FileLength:2410
FileModTime:584632241
%EndFont

%BeginFont
Handler:DirectoryHandler
FontType:Type1
FontName:Futurice-Monospaced
FamilyName:Futurice
StyleName:Monospaced
MenuName:Futurice Monospaced
StyleBits:0
WeightClass:400
WidthClass:5
AngleClass:0
FullName:Futurice Monospaced
WritingScript:Roman
OutlineFileName:/Users/joes/Documents/PNG/git/projectnavigationgame/print/optional-formats/png-booklet-pages/Document fonts/Futurice Monospaced.otf
DataFormat:sfntData
UsesStandardEncoding:yes
isCFF:yes
hasSVG:no
VariableFontType:NonVariableFont
FileLength:57080
FileModTime:544877118
NameArray:0,Mac,4,Futurice Monospaced
NameArray:0,Win,1,Futurice Monospaced
NameArray:0,Win,16,Futurice
%EndFont

%BeginFont
Handler:DirectoryHandler
FontType:Type1
FontName:Futurice-Regular
FamilyName:Futurice
StyleName:Regular
MenuName:Futurice Regular
StyleBits:0
WeightClass:400
WidthClass:5
AngleClass:0
FullName:Futurice Regular
WritingScript:Roman
OutlineFileName:/Users/joes/Documents/PNG/git/projectnavigationgame/print/optional-formats/png-booklet-pages/Document fonts/Futurice Regular.otf
DataFormat:sfntData
UsesStandardEncoding:yes
isCFF:yes
hasSVG:no
VariableFontType:NonVariableFont
FileLength:54052
FileModTime:544877118
NameArray:0,Mac,4,Futurice Regular
NameArray:0,Win,1,Futurice Regular
NameArray:0,Win,16,Futurice
%EndFont

%BeginFont
Handler:DirectoryHandler
FontType:Type1
FontName:Futurice-Bold
FamilyName:Futurice
StyleName:Bold
MenuName:Futurice Bold
StyleBits:2
WeightClass:400
WidthClass:5
AngleClass:0
FullName:Futurice Bold
WritingScript:Roman
OutlineFileName:/Users/joes/Documents/PNG/git/projectnavigationgame/print/optional-formats/png-booklet-pages/Document fonts/Futurice Bold.otf
DataFormat:sfntData
UsesStandardEncoding:yes
isCFF:yes
hasSVG:no
VariableFontType:NonVariableFont
FileLength:54212
FileModTime:544877118
NameArray:0,Mac,4,Futurice Bold
NameArray:0,Win,1,Futurice Bold
NameArray:0,Win,16,Futurice
%EndFont

